<?xml version="1.0"?>
<testsuites>
  <testsuite name="PhantomJS 1.9 (Mac)" package="undefined" timestamp="2013-07-30T06:25:19" id="0" hostname="P21246.local" tests="2" errors="0" failures="0" time="0.013">
    <properties>
      <property name="browser.fullName" value="Mozilla/5.0 (Macintosh; Intel Mac OS X) AppleWebKit/534.34 (KHTML, like Gecko) PhantomJS/1.9.0 Safari/534.34"/>
    </properties>
    <testcase name="should attach a list of awesomeThings to the scope" time="0.011" classname="PhantomJS 1.9 (Mac).Controller: MainCtrl"/>
    <testcase name="should say &quot;hello world&quot;" time="0.002" classname="PhantomJS 1.9 (Mac).Controller: MainCtrl"/>
    <system-out><![CDATA[
]]></system-out>
    <system-err/>
  </testsuite>
</testsuites>
